<html> (OpenTag: html)
	<head> (OpenTag: head)
		<title> (OpenTag: title)
Text: PHP Test
		</title>
	</head>
	<body> (OpenTag: body)
#if (isset($_GET["hi"]))
		<p> (OpenTag: p)
Text: Hello World
		</p>
#else
Text: hey
#endif
Text:  
 
	</body>
</html>
