Hi world
#if (NORMAL_OUTPUT)
What's up?
#else
Bye world!
#endif
