red green blue yellow 0 1 2 3 b:apple 2:orange 3:kiwi 4:blueberries 