coffee is brown and caffeine makes it special. coffee has caffeine.