01 123 123.4 abc abc abc[Symbolic:$x]' ABC __ABC__abc"def
ghi abc\"def	ghi"